---
source: src/records.rs
description: err
expression: out
---
]8;;https://en.wikipedia.org/wiki/Hostname#Syntax\(link)]8;;\

  × invalid octet: '\xc3'
   ╭────
 1 │ name.this-is-not-ascii-ß.example.org.
   ·                        ┬
   ·                        ╰── octet
   ╰────
  help: we only accept ascii characters
