---
source: src/records.rs
description: err
expression: out
---
]8;;https://en.wikipedia.org/wiki/Fully_qualified_domain_name\(link)]8;;\

  × hostname too long (260 octets)
   ╭────
 1 │ example.example.example.example.example.example.example.example.example.example.example.example.example.example.example.example.example.example.example.example.example.example.example.example.example.example.example.example.example.example.example.example.net.
   · ──────────────────────────────────────────────────────────────────────────────────────────────────────────────────────────────────┬─────────────────────────────────────────────────────────────────────────────────────────────────────────────────────────────────
   ·                                                                                                                                   ╰── this line
   ╰────
  help: fully qualified domain names can be at most 255 characters long
