---
source: src/records.rs
description: err
expression: out
---
]8;;https://en.wikipedia.org/wiki/Hostname#Syntax\(link)]8;;\

  × invalid octet: ':'
   ╭────
 1 │ name.this-character:-is-not-allowed.example.org.
   ·                    ┬
   ·                    ╰── octet
   ╰────
  help: hostnames are only allowed to contain characters in [a-zA-Z0-9_-]
